
> claude-clarified-chat@0.1.0 test
> vitest run --run


[1m[7m[36m RUN [39m[27m[22m [36mv2.1.9 [39m[90mC:/Users/NerdyKrystal/repos/claude-clarified-chat/.claude/worktrees/festive-montalcini-29b30a/workspace/app[39m

 [32m✓[39m src/schemas/metadata.test.ts [2m([22m[2m11 tests[22m[2m)[22m[90m 36[2mms[22m[39m
 [32m✓[39m src/schemas/event.test.ts [2m([22m[2m16 tests[22m[2m)[22m[90m 55[2mms[22m[39m
 [32m✓[39m src/core/ingest/ingest.test.ts [2m([22m[2m18 tests[22m[2m)[22m[33m 755[2mms[22m[39m
   [33m[2m✓[22m[39m ingest[2m > [22mproperty test: ingest never throws on random bytes [33m619[2mms[22m[39m
 [32m✓[39m src/schemas/subagent.test.ts [2m([22m[2m9 tests[22m[2m)[22m[90m 13[2mms[22m[39m
 [32m✓[39m src/core/ingest/types.test.ts [2m([22m[2m8 tests[22m[2m)[22m[90m 10[2mms[22m[39m
 [32m✓[39m src/schemas/unavailable.test.ts [2m([22m[2m7 tests[22m[2m)[22m[90m 7[2mms[22m[39m
 [32m✓[39m src/App.test.tsx [2m([22m[2m3 tests[22m[2m)[22m[90m 179[2mms[22m[39m

[2m Test Files [22m [1m[32m7 passed[39m[22m[90m (7)[39m
[2m      Tests [22m [1m[32m72 passed[39m[22m[90m (72)[39m
[2m   Start at [22m 16:38:15
[2m   Duration [22m 9.72s[2m (transform 808ms, setup 0ms, collect 3.76s, tests 1.05s, environment 13.56s, prepare 2.01s)[22m

